// Jest Snapshot v1, https://goo.gl/fbAQLP

exports[`PipelineResourceSection component It should match the previous pipeline snapshot 1`] = `
Array [
  <div
    className="pf-c-form"
    style={Object {}}
  >
    <h2
      className="odc-form-section__heading"
    >
      Git Resources
    </h2>
    <div
      className="form-group"
    >
      <div
        className="form-group"
      >
        <div>
          mapit-git
           dropdown
        </div>
      </div>
    </div>
  </div>,
  <div
    className="pf-c-form"
    style={Object {}}
  >
    <h2
      className="odc-form-section__heading"
    >
      Image Resources
    </h2>
    <div
      className="form-group"
    >
      <div
        className="form-group"
      >
        <div>
          mapit-image
           dropdown
        </div>
      </div>
    </div>
  </div>,
]
`;
